..F                                                                      [100%]
=================================== FAILURES ===================================
__________________________________ test_empty __________________________________

    def test_empty():
>       assert calculate_moving_average([], 3) == []

tests/test_math.py:13: 
_ _ _ _ _ _ _ _ _ _ _ _ _ _ _ _ _ _ _ _ _ _ _ _ _ _ _ _ _ _ _ _ _ _ _ _ _ _ _ _ 

data = [], window_size = 3

    def calculate_moving_average(data: List[float], window_size: int) -> List[float]:
        """O(n) kayan pencere (sliding window) ile hareketli ortalama hesaplar."""
        if window_size <= 0:
            return []
        averages = []
        # Kasıtlı Hata: data boşken veya boyutu window_size'dan küçükken patlar
>       window_sum = sum(data[i] for i in range(window_size))

math_service.py:10: 
_ _ _ _ _ _ _ _ _ _ _ _ _ _ _ _ _ _ _ _ _ _ _ _ _ _ _ _ _ _ _ _ _ _ _ _ _ _ _ _ 

.0 = <range_iterator object at 0x7c61defcd920>

>   window_sum = sum(data[i] for i in range(window_size))
E   IndexError: list index out of range

math_service.py:10: IndexError
=========================== short test summary info ============================
FAILED tests/test_math.py::test_empty - IndexError: list index out of range
1 failed, 2 passed in 0.02s
